// Jest Snapshot v1, https://goo.gl/fbAQLP

exports[`Home renders homepage 1`] = `
<div>
  <div>
    <main>
      <h1
        class="sc-bczRLJ dgihId"
      >
        Hello world!
      </h1>
      <div
        class="buttons-wrap"
      >
        <button
          class="chakra-button css-5c2176"
          type="button"
        >
          Big
        </button>
        <button
          class="chakra-button css-5c2176"
          disabled=""
          type="button"
        >
          Small
        </button>
      </div>
      <p
        class="chakra-text css-1ezsviu"
      >
        0
      </p>
      <div
        class="buttons-wrap"
      >
        <button
          class="chakra-button css-5c2176"
          disabled=""
          type="button"
        >
          PAUSE
        </button>
        <button
          class="chakra-button css-5c2176"
          type="button"
        >
          START
        </button>
      </div>
      <div
        class="links-wrap"
      >
        <a
          href="/?start=500"
        >
          start from 
          <strong>
            500
          </strong>
        </a>
        <a
          href="/?start=1000"
        >
          start from 
          <strong>
            1000
          </strong>
        </a>
      </div>
    </main>
    <footer>
      this is footer
    </footer>
  </div>
</div>
`;
