// Jest Snapshot v1, https://goo.gl/fbAQLP

exports[`Render folder should render initial empty folder correctly 1`] = `
<div>
  <div
    class="scrollbox css-10klw3m"
  >
    <div
      class="css-eox0n8"
    >
      <p
        class="chakra-text css-0"
      >
        The folder list is empty
      </p>
    </div>
  </div>
</div>
`;
